let name = "aria"
let name2 = "ppx_str"
let my_str = String.concat "" ["Hello there "; name; " I am "; name2]
